register help/help
[[0,0.0,0.0],true]
default_encoding
[[0,0.0,0.0],"utf8"]
